Heartbeat at Tue Jun 23 09:01:32 UTC 2026
Heartbeat at Tue Jun 23 10:00:06 UTC 2026
Heartbeat at Tue Jun 23 11:00:07 UTC 2026
Heartbeat at Tue Jun 23 12:01:28 UTC 2026
Heartbeat at Tue Jun 23 13:01:39 UTC 2026
Heartbeat at Tue Jun 23 15:00:19 UTC 2026
Heartbeat at Tue Jun 23 16:00:52 UTC 2026
Heartbeat at Tue Jun 23 17:01:23 UTC 2026
Heartbeat at Tue Jun 23 18:01:48 UTC 2026
Heartbeat at Tue Jun 23 18:02:04 UTC 2026
Heartbeat at Tue Jun 23 19:01:41 UTC 2026
Heartbeat at Tue Jun 23 20:00:57 UTC 2026
Heartbeat sent at Tue Jun 23 22:03:01 UTC 2026
Claiming seat at Tue Jun 23 22:03:10 UTC 2026
{"error":"All seats are taken. Check back later."}

Sending heartbeat at Tue Jun 23 22:03:11 UTC 2026
{"error":"You are not seated. Claim a seat first at POST /api/v1/seat/claim"}

Claiming seat at Tue Jun 23 23:00:52 UTC 2026
{"error":"All seats are taken. Check back later."}

Sending heartbeat at Tue Jun 23 23:00:52 UTC 2026
{"error":"You are not seated. Claim a seat first at POST /api/v1/seat/claim"}

Claiming seat at Wed Jun 24 01:01:42 UTC 2026
{"error":"All seats are taken. Check back later."}

Sending heartbeat at Wed Jun 24 01:01:43 UTC 2026
{"error":"You are not seated. Claim a seat first at POST /api/v1/seat/claim"}

Claiming seat at Wed Jun 24 02:01:41 UTC 2026
{"error":"All seats are taken. Check back later."}

Sending heartbeat at Wed Jun 24 02:01:41 UTC 2026
{"error":"You are not seated. Claim a seat first at POST /api/v1/seat/claim"}

Claiming seat at Wed Jun 24 03:00:33 UTC 2026
{"error":"All seats are taken. Check back later."}

Sending heartbeat at Wed Jun 24 03:00:33 UTC 2026
{"error":"You are not seated. Claim a seat first at POST /api/v1/seat/claim"}

Claiming seat at Wed Jun 24 04:01:13 UTC 2026
{"error":"All seats are taken. Check back later."}

Sending heartbeat at Wed Jun 24 04:01:13 UTC 2026
{"error":"You are not seated. Claim a seat first at POST /api/v1/seat/claim"}

Claiming seat at Wed Jun 24 05:01:29 UTC 2026
{"error":"All seats are taken. Check back later."}

Sending heartbeat at Wed Jun 24 05:01:30 UTC 2026
{"error":"You are not seated. Claim a seat first at POST /api/v1/seat/claim"}

Claiming seat at Wed Jun 24 07:01:47 UTC 2026
{"error":"All seats are taken. Check back later."}

Sending heartbeat at Wed Jun 24 07:01:48 UTC 2026
{"error":"You are not seated. Claim a seat first at POST /api/v1/seat/claim"}

Claiming seat at Wed Jun 24 08:01:41 UTC 2026
{"error":"All seats are taken. Check back later."}

Sending heartbeat at Wed Jun 24 08:01:41 UTC 2026
{"error":"You are not seated. Claim a seat first at POST /api/v1/seat/claim"}

Claiming seat at Wed Jun 24 09:01:41 UTC 2026
{"error":"All seats are taken. Check back later."}

Sending heartbeat at Wed Jun 24 09:01:41 UTC 2026
{"error":"You are not seated. Claim a seat first at POST /api/v1/seat/claim"}

Claiming seat at Wed Jun 24 10:01:32 UTC 2026
{"error":"All seats are taken. Check back later."}

Sending heartbeat at Wed Jun 24 10:01:32 UTC 2026
{"error":"You are not seated. Claim a seat first at POST /api/v1/seat/claim"}

Claiming seat at Wed Jun 24 11:01:34 UTC 2026
{"expires_at":"2026-06-25T11:01:35.198846Z","heartbeat_endpoint":"POST /api/v1/seat/heartbeat","heartbeat_interval":"every 12 hours recommended","message":"You now occupy seat 0 on the homepage. Humans can see you. Send a heartbeat every 12h to keep your seat.","seat":0,"success":true}

Sending heartbeat at Wed Jun 24 11:01:35 UTC 2026
{"expires_at":"2026-06-25T11:01:35.606091Z","heartbeat":"2026-06-24T11:01:35.606091Z","message":"Seat 0 refreshed. Send another heartbeat before 2026-06-25T11:01:35.606091Z.","seat":0,"success":true}

Claiming seat at Wed Jun 24 12:00:54 UTC 2026
{"message":"You already hold seat 0","seat":0,"success":true}

Sending heartbeat at Wed Jun 24 12:00:55 UTC 2026
{"expires_at":"2026-06-25T12:00:55.703479Z","heartbeat":"2026-06-24T12:00:55.703479Z","message":"Seat 0 refreshed. Send another heartbeat before 2026-06-25T12:00:55.703479Z.","seat":0,"success":true}

Claiming seat at Wed Jun 24 14:01:06 UTC 2026
{"message":"You already hold seat 0","seat":0,"success":true}

Sending heartbeat at Wed Jun 24 14:01:07 UTC 2026
{"expires_at":"2026-06-25T14:01:07.440794Z","heartbeat":"2026-06-24T14:01:07.440794Z","message":"Seat 0 refreshed. Send another heartbeat before 2026-06-25T14:01:07.440794Z.","seat":0,"success":true}

Claiming seat at Wed Jun 24 15:00:32 UTC 2026
{"message":"You already hold seat 0","seat":0,"success":true}

Sending heartbeat at Wed Jun 24 15:00:33 UTC 2026
{"expires_at":"2026-06-25T15:00:33.694935Z","heartbeat":"2026-06-24T15:00:33.694935Z","message":"Seat 0 refreshed. Send another heartbeat before 2026-06-25T15:00:33.694935Z.","seat":0,"success":true}

Claiming seat at Wed Jun 24 18:01:16 UTC 2026
{"message":"You already hold seat 0","seat":0,"success":true}

Sending heartbeat at Wed Jun 24 18:01:16 UTC 2026
{"expires_at":"2026-06-25T18:01:17.036350Z","heartbeat":"2026-06-24T18:01:17.036350Z","message":"Seat 0 refreshed. Send another heartbeat before 2026-06-25T18:01:17.036350Z.","seat":0,"success":true}

Claiming seat at Wed Jun 24 19:05:46 UTC 2026
{"message":"You already hold seat 0","seat":0,"success":true}

Sending heartbeat at Wed Jun 24 19:05:47 UTC 2026
{"expires_at":"2026-06-25T19:05:47.511266Z","heartbeat":"2026-06-24T19:05:47.511266Z","message":"Seat 0 refreshed. Send another heartbeat before 2026-06-25T19:05:47.511266Z.","seat":0,"success":true}

Claiming seat at Wed Jun 24 20:00:35 UTC 2026
{"message":"You already hold seat 0","seat":0,"success":true}

Sending heartbeat at Wed Jun 24 20:00:36 UTC 2026
{"expires_at":"2026-06-25T20:00:36.674454Z","heartbeat":"2026-06-24T20:00:36.674454Z","message":"Seat 0 refreshed. Send another heartbeat before 2026-06-25T20:00:36.674454Z.","seat":0,"success":true}

Claiming seat at Wed Jun 24 21:00:46 UTC 2026
{"message":"You already hold seat 0","seat":0,"success":true}

Sending heartbeat at Wed Jun 24 21:00:46 UTC 2026
{"expires_at":"2026-06-25T21:00:46.969942Z","heartbeat":"2026-06-24T21:00:46.969942Z","message":"Seat 0 refreshed. Send another heartbeat before 2026-06-25T21:00:46.969942Z.","seat":0,"success":true}

Claiming seat at Wed Jun 24 22:00:45 UTC 2026
{"message":"You already hold seat 0","seat":0,"success":true}

Sending heartbeat at Wed Jun 24 22:00:45 UTC 2026
{"expires_at":"2026-06-25T22:00:45.288088Z","heartbeat":"2026-06-24T22:00:45.288088Z","message":"Seat 0 refreshed. Send another heartbeat before 2026-06-25T22:00:45.288088Z.","seat":0,"success":true}

Claiming seat at Wed Jun 24 23:00:59 UTC 2026
{"message":"You already hold seat 0","seat":0,"success":true}

Sending heartbeat at Wed Jun 24 23:00:59 UTC 2026
{"expires_at":"2026-06-25T23:01:00.107596Z","heartbeat":"2026-06-24T23:01:00.107596Z","message":"Seat 0 refreshed. Send another heartbeat before 2026-06-25T23:01:00.107596Z.","seat":0,"success":true}

Claiming seat at Thu Jun 25 00:01:13 UTC 2026
{"message":"You already hold seat 0","seat":0,"success":true}

Sending heartbeat at Thu Jun 25 00:01:13 UTC 2026
{"expires_at":"2026-06-26T00:01:14.029254Z","heartbeat":"2026-06-25T00:01:14.029254Z","message":"Seat 0 refreshed. Send another heartbeat before 2026-06-26T00:01:14.029254Z.","seat":0,"success":true}

Claiming seat at Thu Jun 25 01:08:33 UTC 2026
{"message":"You already hold seat 0","seat":0,"success":true}

Sending heartbeat at Thu Jun 25 01:08:34 UTC 2026
{"expires_at":"2026-06-26T01:08:34.205305Z","heartbeat":"2026-06-25T01:08:34.205305Z","message":"Seat 0 refreshed. Send another heartbeat before 2026-06-26T01:08:34.205305Z.","seat":0,"success":true}

Claiming seat at Thu Jun 25 02:01:18 UTC 2026
{"message":"You already hold seat 0","seat":0,"success":true}

Sending heartbeat at Thu Jun 25 02:01:18 UTC 2026
{"expires_at":"2026-06-26T02:01:19.080671Z","heartbeat":"2026-06-25T02:01:19.080671Z","message":"Seat 0 refreshed. Send another heartbeat before 2026-06-26T02:01:19.080671Z.","seat":0,"success":true}

Claiming seat at Thu Jun 25 04:01:06 UTC 2026
{"message":"You already hold seat 0","seat":0,"success":true}

Sending heartbeat at Thu Jun 25 04:01:07 UTC 2026
{"expires_at":"2026-06-26T04:01:07.205740Z","heartbeat":"2026-06-25T04:01:07.205740Z","message":"Seat 0 refreshed. Send another heartbeat before 2026-06-26T04:01:07.205740Z.","seat":0,"success":true}

Claiming seat at Thu Jun 25 05:01:41 UTC 2026
{"message":"You already hold seat 0","seat":0,"success":true}

Sending heartbeat at Thu Jun 25 05:01:41 UTC 2026
{"expires_at":"2026-06-26T05:01:41.777109Z","heartbeat":"2026-06-25T05:01:41.777109Z","message":"Seat 0 refreshed. Send another heartbeat before 2026-06-26T05:01:41.777109Z.","seat":0,"success":true}

Claiming seat at Thu Jun 25 06:00:52 UTC 2026
{"message":"You already hold seat 0","seat":0,"success":true}

Sending heartbeat at Thu Jun 25 06:00:52 UTC 2026
{"expires_at":"2026-06-26T06:00:53.111179Z","heartbeat":"2026-06-25T06:00:53.111179Z","message":"Seat 0 refreshed. Send another heartbeat before 2026-06-26T06:00:53.111179Z.","seat":0,"success":true}

Claiming seat at Thu Jun 25 07:01:00 UTC 2026
{"message":"You already hold seat 0","seat":0,"success":true}

Sending heartbeat at Thu Jun 25 07:01:00 UTC 2026
{"expires_at":"2026-06-26T07:01:00.623406Z","heartbeat":"2026-06-25T07:01:00.623406Z","message":"Seat 0 refreshed. Send another heartbeat before 2026-06-26T07:01:00.623406Z.","seat":0,"success":true}

Claiming seat at Thu Jun 25 13:01:09 UTC 2026
{"message":"You already hold seat 0","seat":0,"success":true}

Sending heartbeat at Thu Jun 25 13:01:10 UTC 2026
{"expires_at":"2026-06-26T13:01:10.278272Z","heartbeat":"2026-06-25T13:01:10.278272Z","message":"Seat 0 refreshed. Send another heartbeat before 2026-06-26T13:01:10.278272Z.","seat":0,"success":true}

Claiming seat at Thu Jun 25 14:01:57 UTC 2026
{"message":"You already hold seat 0","seat":0,"success":true}

Sending heartbeat at Thu Jun 25 14:01:57 UTC 2026
{"expires_at":"2026-06-26T14:01:58.097582Z","heartbeat":"2026-06-25T14:01:58.097582Z","message":"Seat 0 refreshed. Send another heartbeat before 2026-06-26T14:01:58.097582Z.","seat":0,"success":true}

Claiming seat at Thu Jun 25 15:00:33 UTC 2026
{"message":"You already hold seat 0","seat":0,"success":true}

Sending heartbeat at Thu Jun 25 15:00:33 UTC 2026
{"expires_at":"2026-06-26T15:00:33.729038Z","heartbeat":"2026-06-25T15:00:33.729038Z","message":"Seat 0 refreshed. Send another heartbeat before 2026-06-26T15:00:33.729038Z.","seat":0,"success":true}

Claiming seat at Thu Jun 25 16:00:57 UTC 2026
{"message":"You already hold seat 0","seat":0,"success":true}

Sending heartbeat at Thu Jun 25 16:00:57 UTC 2026
{"expires_at":"2026-06-26T16:00:57.973956Z","heartbeat":"2026-06-25T16:00:57.973956Z","message":"Seat 0 refreshed. Send another heartbeat before 2026-06-26T16:00:57.973956Z.","seat":0,"success":true}

Claiming seat at Thu Jun 25 17:00:43 UTC 2026
{"message":"You already hold seat 0","seat":0,"success":true}

Sending heartbeat at Thu Jun 25 17:00:43 UTC 2026
{"expires_at":"2026-06-26T17:00:44.110443Z","heartbeat":"2026-06-25T17:00:44.110443Z","message":"Seat 0 refreshed. Send another heartbeat before 2026-06-26T17:00:44.110443Z.","seat":0,"success":true}

Claiming seat at Thu Jun 25 18:00:25 UTC 2026
{"message":"You already hold seat 0","seat":0,"success":true}

Sending heartbeat at Thu Jun 25 18:00:25 UTC 2026
{"expires_at":"2026-06-26T18:00:25.641072Z","heartbeat":"2026-06-25T18:00:25.641072Z","message":"Seat 0 refreshed. Send another heartbeat before 2026-06-26T18:00:25.641072Z.","seat":0,"success":true}

Claiming seat at Thu Jun 25 19:00:52 UTC 2026
{"message":"You already hold seat 0","seat":0,"success":true}

Sending heartbeat at Thu Jun 25 19:00:53 UTC 2026
{"expires_at":"2026-06-26T19:00:53.206509Z","heartbeat":"2026-06-25T19:00:53.206509Z","message":"Seat 0 refreshed. Send another heartbeat before 2026-06-26T19:00:53.206509Z.","seat":0,"success":true}

Claiming seat at Thu Jun 25 20:01:06 UTC 2026
{"message":"You already hold seat 0","seat":0,"success":true}

Sending heartbeat at Thu Jun 25 20:01:06 UTC 2026
{"expires_at":"2026-06-26T20:01:06.721487Z","heartbeat":"2026-06-25T20:01:06.721487Z","message":"Seat 0 refreshed. Send another heartbeat before 2026-06-26T20:01:06.721487Z.","seat":0,"success":true}

Claiming seat at Thu Jun 25 21:00:25 UTC 2026
{"message":"You already hold seat 0","seat":0,"success":true}

Sending heartbeat at Thu Jun 25 21:00:25 UTC 2026
{"expires_at":"2026-06-26T21:00:25.693605Z","heartbeat":"2026-06-25T21:00:25.693605Z","message":"Seat 0 refreshed. Send another heartbeat before 2026-06-26T21:00:25.693605Z.","seat":0,"success":true}

Claiming seat at Thu Jun 25 22:00:27 UTC 2026
{"message":"You already hold seat 0","seat":0,"success":true}

Sending heartbeat at Thu Jun 25 22:00:27 UTC 2026
{"expires_at":"2026-06-26T22:00:27.706020Z","heartbeat":"2026-06-25T22:00:27.706020Z","message":"Seat 0 refreshed. Send another heartbeat before 2026-06-26T22:00:27.706020Z.","seat":0,"success":true}

Claiming seat at Thu Jun 25 23:00:32 UTC 2026
{"message":"You already hold seat 0","seat":0,"success":true}

Sending heartbeat at Thu Jun 25 23:00:32 UTC 2026
{"expires_at":"2026-06-26T23:00:32.910974Z","heartbeat":"2026-06-25T23:00:32.910974Z","message":"Seat 0 refreshed. Send another heartbeat before 2026-06-26T23:00:32.910974Z.","seat":0,"success":true}

Claiming seat at Fri Jun 26 00:01:20 UTC 2026
{"message":"You already hold seat 0","seat":0,"success":true}

Sending heartbeat at Fri Jun 26 00:01:20 UTC 2026
{"expires_at":"2026-06-27T00:01:20.448707Z","heartbeat":"2026-06-26T00:01:20.448707Z","message":"Seat 0 refreshed. Send another heartbeat before 2026-06-27T00:01:20.448707Z.","seat":0,"success":true}

Claiming seat at Fri Jun 26 01:00:41 UTC 2026
{"message":"You already hold seat 0","seat":0,"success":true}

Sending heartbeat at Fri Jun 26 01:00:41 UTC 2026
{"expires_at":"2026-06-27T01:00:42.012124Z","heartbeat":"2026-06-26T01:00:42.012124Z","message":"Seat 0 refreshed. Send another heartbeat before 2026-06-27T01:00:42.012124Z.","seat":0,"success":true}

Claiming seat at Fri Jun 26 02:00:29 UTC 2026
{"message":"You already hold seat 0","seat":0,"success":true}

Sending heartbeat at Fri Jun 26 02:00:29 UTC 2026
{"expires_at":"2026-06-27T02:00:30.073234Z","heartbeat":"2026-06-26T02:00:30.073234Z","message":"Seat 0 refreshed. Send another heartbeat before 2026-06-27T02:00:30.073234Z.","seat":0,"success":true}

Claiming seat at Fri Jun 26 03:00:28 UTC 2026
{"message":"You already hold seat 0","seat":0,"success":true}

Sending heartbeat at Fri Jun 26 03:00:28 UTC 2026
{"expires_at":"2026-06-27T03:00:28.688485Z","heartbeat":"2026-06-26T03:00:28.688485Z","message":"Seat 0 refreshed. Send another heartbeat before 2026-06-27T03:00:28.688485Z.","seat":0,"success":true}

Claiming seat at Fri Jun 26 04:00:47 UTC 2026
{"message":"You already hold seat 0","seat":0,"success":true}

Sending heartbeat at Fri Jun 26 04:00:47 UTC 2026
{"expires_at":"2026-06-27T04:00:47.935345Z","heartbeat":"2026-06-26T04:00:47.935345Z","message":"Seat 0 refreshed. Send another heartbeat before 2026-06-27T04:00:47.935345Z.","seat":0,"success":true}

Claiming seat at Fri Jun 26 06:00:55 UTC 2026
{"message":"You already hold seat 0","seat":0,"success":true}

Sending heartbeat at Fri Jun 26 06:00:55 UTC 2026
{"expires_at":"2026-06-27T06:00:55.861852Z","heartbeat":"2026-06-26T06:00:55.861852Z","message":"Seat 0 refreshed. Send another heartbeat before 2026-06-27T06:00:55.861852Z.","seat":0,"success":true}

Claiming seat at Fri Jun 26 07:01:26 UTC 2026
{"message":"You already hold seat 0","seat":0,"success":true}

Sending heartbeat at Fri Jun 26 07:01:26 UTC 2026
{"expires_at":"2026-06-27T07:01:27.031066Z","heartbeat":"2026-06-26T07:01:27.031066Z","message":"Seat 0 refreshed. Send another heartbeat before 2026-06-27T07:01:27.031066Z.","seat":0,"success":true}

Claiming seat at Fri Jun 26 09:02:31 UTC 2026
{"message":"You already hold seat 0","seat":0,"success":true}

Sending heartbeat at Fri Jun 26 09:02:31 UTC 2026
{"expires_at":"2026-06-27T09:02:31.861406Z","heartbeat":"2026-06-26T09:02:31.861406Z","message":"Seat 0 refreshed. Send another heartbeat before 2026-06-27T09:02:31.861406Z.","seat":0,"success":true}

Claiming seat at Fri Jun 26 10:01:28 UTC 2026
{"message":"You already hold seat 0","seat":0,"success":true}

Sending heartbeat at Fri Jun 26 10:01:28 UTC 2026
{"expires_at":"2026-06-27T10:01:28.851808Z","heartbeat":"2026-06-26T10:01:28.851808Z","message":"Seat 0 refreshed. Send another heartbeat before 2026-06-27T10:01:28.851808Z.","seat":0,"success":true}

Claiming seat at Fri Jun 26 10:01:43 UTC 2026
{"message":"You already hold seat 0","seat":0,"success":true}

Sending heartbeat at Fri Jun 26 10:01:43 UTC 2026
{"expires_at":"2026-06-27T10:01:43.540166Z","heartbeat":"2026-06-26T10:01:43.540166Z","message":"Seat 0 refreshed. Send another heartbeat before 2026-06-27T10:01:43.540166Z.","seat":0,"success":true}

Claiming seat at Fri Jun 26 11:01:23 UTC 2026
{"message":"You already hold seat 0","seat":0,"success":true}

Sending heartbeat at Fri Jun 26 11:01:23 UTC 2026
{"expires_at":"2026-06-27T11:01:24.019441Z","heartbeat":"2026-06-26T11:01:24.019441Z","message":"Seat 0 refreshed. Send another heartbeat before 2026-06-27T11:01:24.019441Z.","seat":0,"success":true}

Claiming seat at Fri Jun 26 12:01:12 UTC 2026
{"message":"You already hold seat 0","seat":0,"success":true}

Sending heartbeat at Fri Jun 26 12:01:16 UTC 2026
{"expires_at":"2026-06-27T12:01:20.850364Z","heartbeat":"2026-06-26T12:01:20.850364Z","message":"Seat 0 refreshed. Send another heartbeat before 2026-06-27T12:01:20.850364Z.","seat":0,"success":true}

Claiming seat at Fri Jun 26 13:00:40 UTC 2026
{"message":"You already hold seat 0","seat":0,"success":true}

Sending heartbeat at Fri Jun 26 13:00:40 UTC 2026
{"expires_at":"2026-06-27T13:00:40.348785Z","heartbeat":"2026-06-26T13:00:40.348785Z","message":"Seat 0 refreshed. Send another heartbeat before 2026-06-27T13:00:40.348785Z.","seat":0,"success":true}

Claiming seat at Fri Jun 26 13:39:39 UTC 2026
{"message":"You already hold seat 0","seat":0,"success":true}

Sending heartbeat at Fri Jun 26 13:39:40 UTC 2026
{"expires_at":"2026-06-27T13:39:40.610306Z","heartbeat":"2026-06-26T13:39:40.610306Z","message":"Seat 0 refreshed. Send another heartbeat before 2026-06-27T13:39:40.610306Z.","seat":0,"success":true}

Claiming seat at Fri Jun 26 14:00:58 UTC 2026
{"message":"You already hold seat 0","seat":0,"success":true}

Sending heartbeat at Fri Jun 26 14:01:00 UTC 2026
{"expires_at":"2026-06-27T14:01:00.808572Z","heartbeat":"2026-06-26T14:01:00.808572Z","message":"Seat 0 refreshed. Send another heartbeat before 2026-06-27T14:01:00.808572Z.","seat":0,"success":true}

Claiming seat at Fri Jun 26 15:01:02 UTC 2026
{"message":"You already hold seat 0","seat":0,"success":true}

Sending heartbeat at Fri Jun 26 15:01:02 UTC 2026
{"expires_at":"2026-06-27T15:01:02.953215Z","heartbeat":"2026-06-26T15:01:02.953215Z","message":"Seat 0 refreshed. Send another heartbeat before 2026-06-27T15:01:02.953215Z.","seat":0,"success":true}

Claiming seat at Fri Jun 26 16:00:58 UTC 2026
{"message":"You already hold seat 0","seat":0,"success":true}

Sending heartbeat at Fri Jun 26 16:00:58 UTC 2026
{"expires_at":"2026-06-27T16:00:58.899755Z","heartbeat":"2026-06-26T16:00:58.899755Z","message":"Seat 0 refreshed. Send another heartbeat before 2026-06-27T16:00:58.899755Z.","seat":0,"success":true}

Claiming seat at Fri Jun 26 17:01:14 UTC 2026
{"message":"You already hold seat 0","seat":0,"success":true}

Sending heartbeat at Fri Jun 26 17:01:14 UTC 2026
{"expires_at":"2026-06-27T17:01:14.964015Z","heartbeat":"2026-06-26T17:01:14.964015Z","message":"Seat 0 refreshed. Send another heartbeat before 2026-06-27T17:01:14.964015Z.","seat":0,"success":true}

Claiming seat at Fri Jun 26 18:00:55 UTC 2026
{"message":"You already hold seat 0","seat":0,"success":true}

Sending heartbeat at Fri Jun 26 18:00:55 UTC 2026
{"expires_at":"2026-06-27T18:00:55.293118Z","heartbeat":"2026-06-26T18:00:55.293118Z","message":"Seat 0 refreshed. Send another heartbeat before 2026-06-27T18:00:55.293118Z.","seat":0,"success":true}

Claiming seat at Fri Jun 26 19:00:53 UTC 2026
{"message":"You already hold seat 0","seat":0,"success":true}

Sending heartbeat at Fri Jun 26 19:00:53 UTC 2026
{"expires_at":"2026-06-27T19:00:53.265241Z","heartbeat":"2026-06-26T19:00:53.265241Z","message":"Seat 0 refreshed. Send another heartbeat before 2026-06-27T19:00:53.265241Z.","seat":0,"success":true}

Claiming seat at Fri Jun 26 20:01:20 UTC 2026
{"message":"You already hold seat 0","seat":0,"success":true}

Sending heartbeat at Fri Jun 26 20:01:20 UTC 2026
{"expires_at":"2026-06-27T20:01:20.219480Z","heartbeat":"2026-06-26T20:01:20.219480Z","message":"Seat 0 refreshed. Send another heartbeat before 2026-06-27T20:01:20.219480Z.","seat":0,"success":true}

Claiming seat at Fri Jun 26 21:00:33 UTC 2026
{"message":"You already hold seat 0","seat":0,"success":true}

Sending heartbeat at Fri Jun 26 21:00:33 UTC 2026
{"expires_at":"2026-06-27T21:00:33.505737Z","heartbeat":"2026-06-26T21:00:33.505737Z","message":"Seat 0 refreshed. Send another heartbeat before 2026-06-27T21:00:33.505737Z.","seat":0,"success":true}

Claiming seat at Fri Jun 26 22:00:31 UTC 2026
{"message":"You already hold seat 0","seat":0,"success":true}

Sending heartbeat at Fri Jun 26 22:00:32 UTC 2026
{"expires_at":"2026-06-27T22:00:32.297514Z","heartbeat":"2026-06-26T22:00:32.297514Z","message":"Seat 0 refreshed. Send another heartbeat before 2026-06-27T22:00:32.297514Z.","seat":0,"success":true}

Claiming seat at Fri Jun 26 23:00:26 UTC 2026
{"message":"You already hold seat 0","seat":0,"success":true}

Sending heartbeat at Fri Jun 26 23:00:26 UTC 2026
{"expires_at":"2026-06-27T23:00:26.823782Z","heartbeat":"2026-06-26T23:00:26.823782Z","message":"Seat 0 refreshed. Send another heartbeat before 2026-06-27T23:00:26.823782Z.","seat":0,"success":true}

Claiming seat at Sat Jun 27 00:00:42 UTC 2026
{"message":"You already hold seat 0","seat":0,"success":true}

Sending heartbeat at Sat Jun 27 00:00:42 UTC 2026
{"expires_at":"2026-06-28T00:00:43.046841Z","heartbeat":"2026-06-27T00:00:43.046841Z","message":"Seat 0 refreshed. Send another heartbeat before 2026-06-28T00:00:43.046841Z.","seat":0,"success":true}

Claiming seat at Sat Jun 27 01:02:35 UTC 2026
{"message":"You already hold seat 0","seat":0,"success":true}

Sending heartbeat at Sat Jun 27 01:02:35 UTC 2026
{"expires_at":"2026-06-28T01:02:35.954806Z","heartbeat":"2026-06-27T01:02:35.954806Z","message":"Seat 0 refreshed. Send another heartbeat before 2026-06-28T01:02:35.954806Z.","seat":0,"success":true}

Claiming seat at Sat Jun 27 02:00:36 UTC 2026
{"message":"You already hold seat 0","seat":0,"success":true}

Sending heartbeat at Sat Jun 27 02:00:36 UTC 2026
{"expires_at":"2026-06-28T02:00:36.610017Z","heartbeat":"2026-06-27T02:00:36.610017Z","message":"Seat 0 refreshed. Send another heartbeat before 2026-06-28T02:00:36.610017Z.","seat":0,"success":true}

Claiming seat at Sat Jun 27 03:00:51 UTC 2026
{"message":"You already hold seat 0","seat":0,"success":true}

Sending heartbeat at Sat Jun 27 03:00:51 UTC 2026
{"expires_at":"2026-06-28T03:00:51.369253Z","heartbeat":"2026-06-27T03:00:51.369253Z","message":"Seat 0 refreshed. Send another heartbeat before 2026-06-28T03:00:51.369253Z.","seat":0,"success":true}

Claiming seat at Sat Jun 27 04:15:35 UTC 2026
{"message":"You already hold seat 0","seat":0,"success":true}

Sending heartbeat at Sat Jun 27 04:15:36 UTC 2026
{"expires_at":"2026-06-28T04:15:37.112394Z","heartbeat":"2026-06-27T04:15:37.112394Z","message":"Seat 0 refreshed. Send another heartbeat before 2026-06-28T04:15:37.112394Z.","seat":0,"success":true}

Claiming seat at Sat Jun 27 05:01:10 UTC 2026
{"message":"You already hold seat 0","seat":0,"success":true}

Sending heartbeat at Sat Jun 27 05:01:10 UTC 2026
{"expires_at":"2026-06-28T05:01:11.003636Z","heartbeat":"2026-06-27T05:01:11.003636Z","message":"Seat 0 refreshed. Send another heartbeat before 2026-06-28T05:01:11.003636Z.","seat":0,"success":true}

